{
  "a": 1,
  "b": "2",
  "c": [
    1,
    2,
    3,
    "..."
  ],
  "d": {
    "a": 1,
    "b": 2,
    "c": 3,
    "d": "..."
  },
  "x": {
    "a": 1,
    "b": "2",
    "c": [
      1,
      2,
      3,
      "..."
    ],
    "d": {
      "a": 1,
      "b": 2,
      "c": 3,
      "d": "..."
    },
    "x": "None"
  }
}
