[
  "contains",
  "tuple",
  [
    1,
    2
  ]
]
