{
  "b": 0,
  "a": {
    "b": true,
    "a": false
  }
}
