{
  "date": "datetime",
  "foo": {
    "another_date": "datetime",
    "x": "y"
  },
  "int": "int"
}
